c:\users\sgorg\documents\thekaratekidgame\thekaratekid\dae15_gorgodze_josef\thekaratekid\x64\debug\thekaratekid.pch
c:\users\sgorg\documents\thekaratekidgame\thekaratekid\dae15_gorgodze_josef\thekaratekid\x64\debug\vc143.pdb
c:\users\sgorg\documents\thekaratekidgame\thekaratekid\dae15_gorgodze_josef\thekaratekid\x64\debug\vc143.idb
c:\users\sgorg\documents\thekaratekidgame\thekaratekid\dae15_gorgodze_josef\thekaratekid\x64\debug\enemy.obj
c:\users\sgorg\documents\thekaratekidgame\thekaratekid\dae15_gorgodze_josef\thekaratekid\x64\debug\game.obj
c:\users\sgorg\documents\thekaratekidgame\thekaratekid\dae15_gorgodze_josef\thekaratekid\x64\debug\main.obj
c:\users\sgorg\documents\thekaratekidgame\thekaratekid\dae15_gorgodze_josef\thekaratekid\x64\debug\pch.obj
c:\users\sgorg\documents\thekaratekidgame\thekaratekid\dae15_gorgodze_josef\thekaratekid\x64\debug\player.obj
c:\users\sgorg\documents\thekaratekidgame\thekaratekid\dae15_gorgodze_josef\x64\debug\thekaratekid.pdb
c:\users\sgorg\documents\thekaratekidgame\thekaratekid\dae15_gorgodze_josef\thekaratekid\x64\debug\thekaratekid.tlog\cl.command.1.tlog
c:\users\sgorg\documents\thekaratekidgame\thekaratekid\dae15_gorgodze_josef\thekaratekid\x64\debug\thekaratekid.tlog\cl.read.1.tlog
c:\users\sgorg\documents\thekaratekidgame\thekaratekid\dae15_gorgodze_josef\thekaratekid\x64\debug\thekaratekid.tlog\cl.write.1.tlog
c:\users\sgorg\documents\thekaratekidgame\thekaratekid\dae15_gorgodze_josef\thekaratekid\x64\debug\thekaratekid.tlog\link-cvtres.read.1.tlog
c:\users\sgorg\documents\thekaratekidgame\thekaratekid\dae15_gorgodze_josef\thekaratekid\x64\debug\thekaratekid.tlog\link-cvtres.write.1.tlog
c:\users\sgorg\documents\thekaratekidgame\thekaratekid\dae15_gorgodze_josef\thekaratekid\x64\debug\thekaratekid.tlog\link-rc.read.1.tlog
c:\users\sgorg\documents\thekaratekidgame\thekaratekid\dae15_gorgodze_josef\thekaratekid\x64\debug\thekaratekid.tlog\link-rc.write.1.tlog
c:\users\sgorg\documents\thekaratekidgame\thekaratekid\dae15_gorgodze_josef\thekaratekid\x64\debug\thekaratekid.tlog\link.command.1.tlog
c:\users\sgorg\documents\thekaratekidgame\thekaratekid\dae15_gorgodze_josef\thekaratekid\x64\debug\thekaratekid.tlog\link.read.1.tlog
c:\users\sgorg\documents\thekaratekidgame\thekaratekid\dae15_gorgodze_josef\thekaratekid\x64\debug\thekaratekid.tlog\link.read.2.tlog
c:\users\sgorg\documents\thekaratekidgame\thekaratekid\dae15_gorgodze_josef\thekaratekid\x64\debug\thekaratekid.tlog\link.read.3.tlog
c:\users\sgorg\documents\thekaratekidgame\thekaratekid\dae15_gorgodze_josef\thekaratekid\x64\debug\thekaratekid.tlog\link.read.4.tlog
c:\users\sgorg\documents\thekaratekidgame\thekaratekid\dae15_gorgodze_josef\thekaratekid\x64\debug\thekaratekid.tlog\link.write.1.tlog
